Content-Type: text/plain
<html lang="en"><head><style>template { display: none; }</style>
  <meta charset="utf-8">
  <meta http-equiv="X-UA-Compatible" content="IE=edge,chrome=1">
  <script src="../input/packages/web_ui/testing/testing.js"></script>
</head>
<body>
  <p>The href of these links should match:</p>
  <a href="../input/#The &quot;quick&quot; \brown $fox jumps over the 'lazy' dog.">
  first link</a>
  <a href="#The &quot;quick&quot; \brown $fox jumps over the 'lazy' dog.">
  second link</a>
  <p>Here are the hrefs as text:</p>
  <!-- Use data binding to display our data binding. We must go deeper. -->
  <pre>#The "quick" \brown $fox jumps over the 'lazy' dog.</pre>
  <pre>#The "quick" \brown $fox jumps over the 'lazy' dog.</pre>
  


<script type="text/javascript" src="packages/web_ui/shadowdom.debug.js"></script>
<script type="application/dart" src="attr_multiple_bindings_test.html_bootstrap.dart"></script></body></html>
