CONSOLE MESSAGE: hello world!
Content-Type: text/plain
<html lang="en"><head><style>template { display: none; }</style>
  <meta charset="utf-8">
  <meta http-equiv="X-UA-Compatible" content="IE=edge,chrome=1">
  <link rel="import" href="../input/code_in_dart_file_component.html">
  <script src="../input/packages/web_ui/testing/testing.js"></script>
</head>
<body>
  <div is="my-component"><shadow-root>    <div>Expect 'hello': hello</div>
  </shadow-root></div>



<script type="text/javascript" src="packages/shadow_dom/shadow_dom.debug.js"></script>
<script type="application/dart" src="code_in_dart_file_test.html_bootstrap.dart"></script></body></html>
