Content-Type: text/plain
<html lang="en"><head><style>template { display: none; }</style>
  <meta charset="utf-8">
  <meta http-equiv="X-UA-Compatible" content="IE=edge,chrome=1">
  <script src="../input/packages/web_ui/testing/testing.js"></script>
</head>
<body>
  
  <span is="say-hello" name="component create in html"><shadow-root>Hello component create in html!</shadow-root></span>
  


<script type="text/javascript" src="packages/web_ui/shadowdom.debug.js"></script>
<script type="application/dart" src="component_created_in_code_test.html_bootstrap.dart"></script><div><shadow-root>Hello component created in code!</shadow-root></div></body></html>
