Content-Type: text/plain
<html lang="en"><head><style>template { display: none; }</style>
  <meta charset="utf-8">
  <meta http-equiv="X-UA-Compatible" content="IE=edge,chrome=1">
  <script src="../input/packages/web_ui/testing/testing.js"></script>
</head>
<body>


  <div is="x-derived"><shadow-root><shadow><older-shadow-root>      <div>Here are the lifecycle methods that have been called:</div>
      <pre>
Base.created
Derived.created
Base.inserted
Derived.inserted</pre>
      <div>You should see Base created, Derived created,
           Base inserted, Derived inserted</div>
    </older-shadow-root></shadow></shadow-root></div>



<script type="text/javascript" src="packages/shadow_dom/shadow_dom.debug.js"></script>
<script type="application/dart" src="component_inherit_test.html_bootstrap.dart"></script></body></html>
