Content-Type: text/plain
<html lang="en"><head><style>template { display: none; }</style>
  <meta charset="utf-8">
  <meta http-equiv="X-UA-Compatible" content="IE=edge,chrome=1">
  <script src="../input/packages/web_ui/testing/testing.js"></script>
</head>
<body>


  <div is="x-derived"><shadow-root>      <shadow><older-shadow-root>      <p>Here are the lifecycle methods that have been called:</p>
      <pre>
Base.created
Base.inserted</pre>
      <p>You should see Base created, Base inserted.</p>
      <p>Also, here is a message from Derived:</p>
    </older-shadow-root></shadow>
      <p>Hello, I am a Derived element with no script tag!</p>
    </shadow-root></div>



<script type="text/javascript" src="packages/shadow_dom/shadow_dom.debug.js"></script>
<script type="application/dart" src="component_inherit_noscript_test.html_bootstrap.dart"></script></body></html>
