Content-Type: text/plain
<html lang="en"><head><style>template { display: none; }</style>
  <meta charset="utf-8">
  <meta http-equiv="X-UA-Compatible" content="IE=edge,chrome=1">
  <link rel="import" href="../input/conditional5_component.html">
  <script src="../input/packages/web_ui/testing/testing.js"></script>
</head>
<body>
  <div is="x-conditional"><shadow-root>    <template></template>
      <span>yay! test passes</span>

    <template></template>
  </shadow-root></div>



<script type="text/javascript" src="packages/shadow_dom/shadow_dom.debug.js"></script>
<script type="application/dart" src="conditional5_test.html_bootstrap.dart"></script></body></html>
