Content-Type: text/plain
<html lang="en"><head><style>template { display: none; }</style>
  <meta charset="utf-8">
  <meta http-equiv="X-UA-Compatible" content="IE=edge,chrome=1">
  <script src="../input/packages/web_ui/testing/testing.js"></script>
</head>
<body>

  Expect "1 2 3 4":
  <span is="x-foo"><shadow-root>1</shadow-root></span>
  <span is="x-foo" my-attribute="2"><shadow-root>2</shadow-root></span>
  <span is="x-foo" my-attribute="3"><shadow-root>3</shadow-root></span>
  <span is="x-foo"><shadow-root>4</shadow-root></span>



<script type="text/javascript" src="packages/shadow_dom/shadow_dom.debug.js"></script>
<script type="application/dart" src="constant_argument_test.html_bootstrap.dart"></script></body></html>
