Content-Type: text/plain
<html lang="en"><head><style>template { display: none; }</style>
  <meta charset="utf-8">
  <meta http-equiv="X-UA-Compatible" content="IE=edge,chrome=1">
  <script src="../input/packages/web_ui/testing/testing.js"></script>
  <style>.uno {
  width: 400px;
}
.dos {
  color: #00f;
}
.tres {
  height: 50px;
}
.cuatro {
  background-color: #008000;
}
.cinco {
  font-family: monospace;
}</style>
</head>
<body>
<!-- test that you can set several class attributes with lists and strings with
spaces. -->
  <div id="test1" class="dos tres">
  this div will have blue (0000ff) font color and 50px height.
  </div>
  <div id="test2" class="uno tres">
  this div will have blue 400px width and 50px height.
  </div>
  <div id="test3" class="cuatro cinco">
  this div will have green (008000) bgcolor and monospace font.
  </div>
  


<script type="text/javascript" src="packages/web_ui/shadowdom.debug.js"></script>
<script type="application/dart" src="css_classes_binding_test.html_bootstrap.dart"></script></body></html>
