Content-Type: text/plain
<html lang="en"><head><style>template { display: none; }</style><link rel="stylesheet" type="text/css" href="css_pseudo_test.html.css">
  <meta charset="utf-8">
  <meta http-equiv="X-UA-Compatible" content="IE=edge,chrome=1">
  <link rel="import" href="component_css_pseudo.html">
  <script src="../input/packages/web_ui/testing/testing.js"></script>
  <title>CSS Custom Pseudo-Element Test</title>
</head>
<body>
  <style>.test-1 > *[pseudo="x-background_3"] {
  background-color: #f00;
  color: #ff0;
  font-weight: bold;
}
.test-2 > *[pseudo="x-background_3"] > * {
  background-color: #00f;
  color: #008000;
  font-size: 36px !important;
}</style>

  <span is="x-comp-pseudo" class="test-1"><shadow-root>        
        <div class="x-comp-pseudo_main" pseudo="x-background_3">
          <div>Test</div>
        </div>
      </shadow-root></span>
  <span is="x-comp-pseudo"><shadow-root>        
        <div class="x-comp-pseudo_main" pseudo="x-background_3">
          <div>Test</div>
        </div>
      </shadow-root></span>
  <span is="x-comp-pseudo" class="test-2"><shadow-root>        
        <div class="x-comp-pseudo_main" pseudo="x-background_3">
          <div>Test</div>
        </div>
      </shadow-root></span>

  

<script type="text/javascript" src="packages/web_ui/shadowdom.debug.js"></script>
<script type="application/dart" src="css_pseudo_test.html_bootstrap.dart"></script></body></html>
