Content-Type: text/plain
<html lang="en"><head><style>template { display: none; }</style>
  <meta charset="utf-8">
  <meta http-equiv="X-UA-Compatible" content="IE=edge,chrome=1">
  <script src="../input/packages/web_ui/testing/testing.js"></script>
</head>
<body>
  <input>



<script type="text/javascript" src="packages/shadow_dom/shadow_dom.debug.js"></script>
<script type="application/dart" src="dom_accessor_binding_test.html_bootstrap.dart"></script>expected input.value to be "A", got Aexpected input.value to be "C", got C</body></html>
