Content-Type: text/plain
<html lang="en"><head><style>template { display: none; }</style>
  <meta charset="utf-8">
  <meta http-equiv="X-UA-Compatible" content="IE=edge,chrome=1">
  <script src="../input/packages/web_ui/testing/testing.js"></script>
</head>
<body>
  <input type="checkbox">
  


<script type="text/javascript" src="packages/web_ui/shadowdom.debug.js"></script>
<script type="application/dart" src="dom_accessor_binding2_test.html_bootstrap.dart"></script>expected input.checked to be false, got falseexpected input.checked to be true, got true</body></html>
