Content-Type: text/plain
<html lang="en"><head><style>template { display: none; }</style>
  <meta charset="utf-8">
  <meta http-equiv="X-UA-Compatible" content="IE=edge,chrome=1">
  <script src="../input/packages/web_ui/testing/testing.js"></script>
  <style>.blue {
  color: #00F;
}
.red {
  color: #F00;
}</style>
</head>
<body>
  <!-- regression test for issue #174. -->
  expect list with 2 bullets, one blue (with blue color style), one red (with
  red color style):
  <ul>
    <template></template>
      <li><span class="blue">blue</span></li>

      <li><span class="red">red</span></li>

  </ul>



<script type="text/javascript" src="packages/shadow_dom/shadow_dom.debug.js"></script>
<script type="application/dart" src="ensure_parent_test.html_bootstrap.dart"></script></body></html>
