Content-Type: text/plain
<html lang="en"><head><style>template { display: none; }</style>
  <meta charset="utf-8">
  <meta http-equiv="X-UA-Compatible" content="IE=edge,chrome=1">
  <script src="../input/packages/web_ui/testing/testing.js"></script>
</head>
<body>
  <!-- Tests that you can inject HTML using SafeHtml. -->
  <div>binding as text (expect &lt;span&gt;hello&lt;/span&gt;): &lt;span&gt;hello&lt;/span&gt;</div>
  <div>binding as SafeHtml (expect hello inside a real span): <span>hello</span></div>
  


<script type="text/javascript" src="packages/web_ui/shadowdom.debug.js"></script>
<script type="application/dart" src="escape_test.html_bootstrap.dart"></script></body></html>
