Content-Type: text/plain
<html lang="en"><head><style>template { display: none; }</style>
  <meta charset="utf-8">
  <meta http-equiv="X-UA-Compatible" content="IE=edge,chrome=1">
  <script src="../input/packages/web_ui/testing/testing.js"></script>
</head>
<body>
  <!-- Tests the iterate attribute on a node. -->
  <div style="display:none"></div><div id="test" template="" if="x == 3">3</div>
  


<script type="text/javascript" src="packages/web_ui/shadowdom.debug.js"></script>
<script type="application/dart" src="if_attribute_test.html_bootstrap.dart"></script></body></html>
