Content-Type: text/plain
<html lang="en"><head><style>template { display: none; }</style>
  <meta charset="utf-8">
  <meta http-equiv="X-UA-Compatible" content="IE=edge,chrome=1">
  <script src="../input/packages/web_ui/testing/testing.js"></script>
</head>
<body>
  <!-- Tests that we can combine text and bindings inside an if, and that
  rerendering after updating the condition works. -->
  expect f - f:
  <template></template>
  <template></template>
    f - f
  
  


<script type="text/javascript" src="packages/web_ui/shadowdom.debug.js"></script>
<script type="application/dart" src="if_fragments2_test.html_bootstrap.dart"></script></body></html>
