Content-Type: text/plain
layer at (0,0) size 800x600
  RenderView at (0,0) size 800x600
layer at (0,0) size 800x36
  RenderBlock {HTML} at (0,0) size 800x36
    RenderBody {BODY} at (8,8) size 784x20
      RenderBlock {DIV} at (0,0) size 784x20
        RenderText {#text} at (0,0) size 146x19
          text run at (0,0) width 146: "this should say \"hello hi\":"
        RenderText {#text} at (146,0) size 28x19
          text run at (146,0) width 28: "hello"
        RenderInline {FOO-BAR} at (0,0) size 10x19
          RenderText {#text} at (174,0) size 10x19
            text run at (174,0) width 10: "hi"
