Content-Type: text/plain
<html lang="en"><head><style>template { display: none; }</style>
  <meta charset="utf-8">
  <meta http-equiv="X-UA-Compatible" content="IE=edge,chrome=1">
  <script src="../input/packages/web_ui/testing/testing.js"></script>
</head>
<body>
  <!-- Tests that we can have document fragments inside iteration. -->
  loop1 should read: (a [a] a)(b [b] b)(c [c] c)(e [e] e)
  <template id="a"></template>
    (a
    <span>[a]</span>
    a)
  
    (b
    <span>[b]</span>
    b)
  
    (c
    <span>[c]</span>
    c)
  
    (e
    <span>[e]</span>
    e)
  
  loop2 should read: [a (a) a][b (b) b][c (c) c][e (e) e]
  <div id="b">
    [a
    <span>(a)</span>
    a]
  
    [b
    <span>(b)</span>
    b]
  
    [c
    <span>(c)</span>
    c]
  
    [e
    <span>(e)</span>
    e]
  </div>
  


<script type="text/javascript" src="packages/web_ui/shadowdom.debug.js"></script>
<script type="application/dart" src="iterate_fragments_test.html_bootstrap.dart"></script></body></html>
