Content-Type: text/plain
<html lang="en"><head><style>template { display: none; }</style>
  <meta charset="utf-8">
  <meta http-equiv="X-UA-Compatible" content="IE=edge,chrome=1">
  <script src="../input/packages/web_ui/testing/testing.js"></script>
</head>
<body>
  expect: (-a-) (-?-) (-c-), actual:
  <template></template>
    (-a-)
  
    (-?-)
  
    (-c-)
  
  


<script type="text/javascript" src="packages/web_ui/shadowdom.debug.js"></script>
<script type="application/dart" src="list3_test.html_bootstrap.dart"></script></body></html>
