Content-Type: text/plain
<html lang="en"><head><style>template { display: none; }</style>
  <meta charset="utf-8">
  <meta http-equiv="X-UA-Compatible" content="IE=edge,chrome=1">
  <script src="../input/packages/web_ui/testing/testing.js"></script>
</head>
<body>
  You should see the list items "a" and "b" repeated 3 times each.
  <template></template>
    <span>a</span>
    <template></template><span>a</span>
    <span style="display:none"></span>
    <span>a</span>

    <span>b</span>
    <template></template><span>b</span>
    <span style="display:none"></span>
    <span>b</span>

  <p>Now you should see: "abc" "def" "abc" "def".
  This tests what happens when the "iterate" does not have data binding inside.
  <template></template>
    <span>abc</span>
    <span>def</span>

    <span>abc</span>
    <span>def</span>




</p><script type="text/javascript" src="packages/shadow_dom/shadow_dom.debug.js"></script>
<script type="application/dart" src="list_children_test.html_bootstrap.dart"></script></body></html>
