Content-Type: text/plain
<html lang="en"><head><style>template { display: none; }</style>
  <meta charset="utf-8">
  <meta http-equiv="X-UA-Compatible" content="IE=edge,chrome=1">
  <script src="../input/packages/web_ui/testing/testing.js"></script>
</head>
<body>
  Test the $index meta variable:
  <template indentation="remove"></template><div>"foo" is the 0th item out of 5.</div><div>"bar" is the 1st item out of 5.</div><div>"baz" is the 2nd item out of 5.</div><div>"qux" is the 3rd item out of 5.</div><div>"quux" is the 4th item out of 5.</div>
  


<script type="text/javascript" src="packages/web_ui/shadowdom.debug.js"></script>
<script type="application/dart" src="loop_metavar_test.html_bootstrap.dart"></script></body></html>
