Content-Type: text/plain
layer at (0,0) size 800x600
  RenderView at (0,0) size 800x600
layer at (0,0) size 800x36
  RenderBlock {HTML} at (0,0) size 800x36
    RenderBody {BODY} at (8,8) size 784x20
      RenderInline {SPAN} at (0,0) size 132x19
        RenderText {#text} at (0,0) size 132x19
          text run at (0,0) width 132: "hello, this test passed!"
      RenderText {#text} at (0,0) size 0x0
      RenderText {#text} at (0,0) size 0x0
