Content-Type: text/plain
<html lang="en"><head><style>template { display: none; }</style>
  <meta charset="utf-8">
  <meta http-equiv="X-UA-Compatible" content="IE=edge,chrome=1">
  <script src="../input/packages/web_ui/testing/testing.js"></script>
</head>
<body>
  <p>Something whose answer is 42</p>
  


<script type="text/javascript" src="packages/web_ui/shadowdom.debug.js"></script>
<script type="application/dart" src="observable_import_normal_code_test.html_bootstrap.dart"></script></body></html>
