Content-Type: text/plain
<html lang="en"><head><style>template { display: none; }</style>
  <meta charset="utf-8">
  <meta http-equiv="X-UA-Compatible" content="IE=edge,chrome=1">
  <link rel="import" href="../input/dir1/path_normalization_c1.html">
  <script src="../input/packages/web_ui/testing/testing.js"></script>
</head>
<body>
  <!-- test that link-rel and imports are fixed/normalized allowing us to
       write the output of the compiler to any directory. -->
  expect 'hello hello':
  <span is="x-component-a"><shadow-root>    <span is="x-component-b"><shadow-root>    <span>hello</span>
  </shadow-root></span>
  </shadow-root></span>
  <span>hello</span>
  


<script type="text/javascript" src="packages/web_ui/shadowdom.debug.js"></script>
<script type="application/dart" src="path_normalization_test.html_bootstrap.dart"></script></body></html>
