Content-Type: text/plain
<html lang="en"><head><style>template { display: none; }</style>
  <meta charset="utf-8">
  <meta http-equiv="X-UA-Compatible" content="IE=edge,chrome=1">
  <link rel="import" href="../input/empty_component.html">
  <script src="../input/packages/web_ui/testing/testing.js"></script>
</head>
<body>
  <p>Test that query in main works.</p>
  <p id="intro">Hello world from Dart!</p>
  <span id="text">Hello world</span>
  <div is="x-empty"><shadow-root><div>hi</div></shadow-root></div>
  


<script type="text/javascript" src="packages/web_ui/shadowdom.debug.js"></script>
<script type="application/dart" src="query_in_main_test.html_bootstrap.dart"></script></body></html>
