Content-Type: text/plain
<html lang="en"><head><style>template { display: none; }</style>
  <meta charset="utf-8">
  <meta http-equiv="X-UA-Compatible" content="IE=edge,chrome=1">
  <script src="../input/packages/web_ui/testing/testing.js"></script>
</head>
<body>
  <form>
  <input name="a" type="radio" value="Foo">Foo!
  <input name="a" type="radio" value="Bar">Bar!
  </form>
  <pre>You picked Bar. Final value should be 'Bar'</pre>
  


<script type="text/javascript" src="packages/web_ui/shadowdom.debug.js"></script>
<script type="application/dart" src="radio_button_test.html_bootstrap.dart"></script></body></html>
