Content-Type: text/plain
<html lang="en"><head><style>template { display: none; }</style>
  <script src="../input/packages/web_ui/testing/testing.js"></script>
<style>div {
  padding: 10px;
}</style>
</head>
<body>
  Expect nested divs 0 then 1.

  <div is="x-rec"><shadow-root>
      0
      <template></template>
        <div is="x-rec"><shadow-root>
      1
      <template></template>
    </shadow-root></div>

    </shadow-root></div>





<script type="text/javascript" src="packages/shadow_dom/shadow_dom.debug.js"></script>
<script type="application/dart" src="recursive_component_test.html_bootstrap.dart"></script></body></html>
