Content-Type: text/plain
<html lang="en"><head><style>template { display: none; }</style>
  <meta charset="utf-8">
  <meta http-equiv="X-UA-Compatible" content="IE=edge,chrome=1">
  <script src="../input/packages/web_ui/testing/testing.js"></script>
</head>
<body>
  <!-- Tests that repeat and template attribute work. -->
  <table>
    <tbody id="test">
      <tr style="display:none"></tr><tr template="" repeat="row in table">
        <td style="display:none"></td><td template="" repeat="cell in row.where((c) =&gt; c != 0)">1</td><td template="" repeat="cell in row.where((c) =&gt; c != 0)">2</td><td template="" repeat="cell in row.where((c) =&gt; c != 0)">3</td>
      </tr><tr template="" repeat="row in table">
        <td style="display:none"></td><td template="" repeat="cell in row.where((c) =&gt; c != 0)">4</td><td template="" repeat="cell in row.where((c) =&gt; c != 0)">9</td><td template="" repeat="cell in row.where((c) =&gt; c != 0)">5</td>
      </tr><tr template="" repeat="row in table">
        <td style="display:none"></td><td template="" repeat="cell in row.where((c) =&gt; c != 0)">2</td><td template="" repeat="cell in row.where((c) =&gt; c != 0)">4</td>
      </tr>
    </tbody>
  </table>



<script type="text/javascript" src="packages/shadow_dom/shadow_dom.debug.js"></script>
<script type="application/dart" src="repeat_attribute_test.html_bootstrap.dart"></script></body></html>
