Content-Type: text/plain
<html lang="en"><head><style>template { display: none; }</style>
  <meta charset="utf-8">
  <meta http-equiv="X-UA-Compatible" content="IE=edge,chrome=1">
  <script src="../input/packages/web_ui/testing/testing.js"></script>
</head>
<body>
  
  
  
  <!-- there is a trailing space after 2 below -->
  
  <div id="a" is="x-a" style="background-color:#fff"><shadow-root><div>1xx2 3x4<span>5</span><span>x</span>6</div></shadow-root></div>
  <div id="b" is="x-b" style="background-color:#f00"><shadow-root>      <div>
      1
      x

      x
      2
      3
      x
      4
      <span>
        5
      </span>
      <span>
        x
      </span>
      6
      </div>
    </shadow-root></div>
  <div id="c" is="x-c" style="background-color:#0f0"><shadow-root><div>1xx2 3x4<span>5</span><span>x</span>6</div></shadow-root></div>
  <div id="d" is="x-d" style="background-color:#00f"><shadow-root><div>1xx2
      3x4<span>5</span><span>x</span>6</div></shadow-root></div>
  



<script type="text/javascript" src="packages/web_ui/shadowdom.debug.js"></script>
<script type="application/dart" src="trim_indentation_space_test.html_bootstrap.dart"></script></body></html>
