Content-Type: text/plain
<html lang="en"><head><style>template { display: none; }</style>
  <meta charset="utf-8">
  <meta http-equiv="X-UA-Compatible" content="IE=edge,chrome=1">
  <script src="../input/packages/web_ui/testing/testing.js"></script>
</head>
<body>
  <div>expect: a b c</div>
  <div id="t1">
    <template></template>
      a

      b

      c

  </div>
  <div>expect: abc</div>
  <div id="t2">
  <template indentation="remove"></template>abc
  </div>
  <div>expect:</div>
  <div>a [_( -) ( -) ][_( -) ( -) ] b [_( -) ( -) ][_( -) ( -) ] c [_( -) ( -) ][_( -) ( -) ]</div>
  <div>actual:</div>
  <div id="t3">
  <template></template>
    a
    <template indentation="remove"></template>[_<template indentation="preserve"></template>(
        -)
      (
        -)
      ][_<template indentation="preserve"></template>(
        -)
      (
        -)
      ]

    b
    <template indentation="remove"></template>[_<template indentation="preserve"></template>(
        -)
      (
        -)
      ][_<template indentation="preserve"></template>(
        -)
      (
        -)
      ]

    c
    <template indentation="remove"></template>[_<template indentation="preserve"></template>(
        -)
      (
        -)
      ][_<template indentation="preserve"></template>(
        -)
      (
        -)
      ]

  </div>




<script type="text/javascript" src="packages/shadow_dom/shadow_dom.debug.js"></script>
<script type="application/dart" src="trim_indentation_space2_test.html_bootstrap.dart"></script></body></html>
