Content-Type: text/plain
<html lang="en"><head><style>template { display: none; }</style>
  <meta charset="utf-8">
  <meta http-equiv="X-UA-Compatible" content="IE=edge,chrome=1">
  <link rel="import" href="../input/watch_global_var_component.html">
  <script src="../input/packages/web_ui/testing/testing.js"></script>
</head>
<body>
  <div is="x-watch-global"><shadow-root>    <div>this should say 'hello': hello</div>
  </shadow-root></div>
  


<script type="text/javascript" src="packages/web_ui/shadowdom.debug.js"></script>
<script type="application/dart" src="watch_global_var_test.html_bootstrap.dart"></script></body></html>
