Content-Type: text/plain
layer at (0,0) size 800x600
  RenderView at (0,0) size 800x600
layer at (0,0) size 800x222
  RenderBlock {HTML} at (0,0) size 800x222
    RenderBody {BODY} at (8,16) size 784x190
      RenderBlock {DIV} at (0,0) size 784x190
        RenderBlock {P} at (0,0) size 784x18
          RenderText {#text} at (0,0) size 530x18
            text run at (0,0) width 530: "Here are the lifecycle methods that have been called:"
        RenderBlock {PRE} at (0,34) size 784x54
          RenderText {#text} at (0,0) size 130x54
            text run at (0,0) width 0: " "
            text run at (0,18) width 120: "Base.created"
            text run at (120,18) width 0: " "
            text run at (0,36) width 130: "Base.inserted"
        RenderBlock {P} at (0,104) size 784x18
          RenderText {#text} at (0,0) size 430x18
            text run at (0,0) width 430: "You should see Base created, Base inserted."
        RenderBlock {P} at (0,138) size 784x18
          RenderText {#text} at (0,0) size 370x18
            text run at (0,0) width 370: "Also, here is a message from Derived:"
        RenderBlock {P} at (0,172) size 784x18
          RenderText {#text} at (0,0) size 490x18
            text run at (0,0) width 490: "Hello, I am a Derived element with no script tag!"
