Content-Type: text/plain
layer at (0,0) size 800x600
  RenderView at (0,0) size 800x600
layer at (0,0) size 800x34
  RenderBlock {HTML} at (0,0) size 800x34
    RenderBody {BODY} at (8,8) size 784x18
      RenderText {#text} at (0,0) size 140x18
        text run at (0,0) width 140: "expect t - t: "
      RenderText {#text} at (140,0) size 20x18
        text run at (140,0) width 20: "t "
      RenderText {#text} at (160,0) size 10x18
        text run at (160,0) width 10: "-"
      RenderText {#text} at (170,0) size 20x18
        text run at (170,0) width 20: " t"
      RenderText {#text} at (0,0) size 0x0
      RenderText {#text} at (0,0) size 0x0
