Content-Type: text/plain
layer at (0,0) size 800x600
  RenderView at (0,0) size 800x600
layer at (0,0) size 800x142
  RenderBlock {HTML} at (0,0) size 800x142
    RenderBody {BODY} at (8,8) size 784x126
      RenderBlock (anonymous) at (0,0) size 784x36
        RenderText {#text} at (0,0) size 760x36
          text run at (0,0) width 700: "Tests that we can iterate keys of a map and get change notifications. "
          text run at (700,0) width 60: "With a"
          text run at (0,18) width 160: "normal template:"
      RenderBlock {DIV} at (0,36) size 784x18
        RenderText {#text} at (0,0) size 10x18
          text run at (0,0) width 10: "{"
        RenderText {#text} at (10,0) size 10x18
          text run at (10,0) width 10: "a"
        RenderText {#text} at (20,0) size 20x18
          text run at (20,0) width 20: ": "
        RenderText {#text} at (40,0) size 10x18
          text run at (40,0) width 10: "1"
        RenderText {#text} at (50,0) size 20x18
          text run at (50,0) width 20: ", "
        RenderText {#text} at (70,0) size 10x18
          text run at (70,0) width 10: "b"
        RenderText {#text} at (80,0) size 20x18
          text run at (80,0) width 20: ": "
        RenderText {#text} at (100,0) size 10x18
          text run at (100,0) width 10: "2"
        RenderText {#text} at (110,0) size 20x18
          text run at (110,0) width 20: ", "
        RenderText {#text} at (130,0) size 10x18
          text run at (130,0) width 10: "c"
        RenderText {#text} at (140,0) size 20x18
          text run at (140,0) width 20: ": "
        RenderText {#text} at (160,0) size 10x18
          text run at (160,0) width 10: "3"
        RenderText {#text} at (170,0) size 20x18
          text run at (170,0) width 20: ", "
        RenderText {#text} at (190,0) size 10x18
          text run at (190,0) width 10: "d"
        RenderText {#text} at (200,0) size 20x18
          text run at (200,0) width 20: ": "
        RenderText {#text} at (220,0) size 10x18
          text run at (220,0) width 10: "4"
        RenderText {#text} at (230,0) size 20x18
          text run at (230,0) width 20: ", "
        RenderText {#text} at (250,0) size 10x18
          text run at (250,0) width 10: "}"
      RenderBlock (anonymous) at (0,54) size 784x18
        RenderText {#text} at (0,0) size 260x18
          text run at (0,0) width 260: "With a template attribute:"
      RenderBlock {DIV} at (0,72) size 784x54
        RenderBlock (anonymous) at (0,0) size 784x18
          RenderText {#text} at (0,0) size 10x18
            text run at (0,0) width 10: "{"
        RenderBlock {DIV} at (0,18) size 784x18
          RenderText {#text} at (0,0) size 10x18
            text run at (0,0) width 10: "a"
          RenderText {#text} at (10,0) size 20x18
            text run at (10,0) width 20: ": "
          RenderText {#text} at (30,0) size 10x18
            text run at (30,0) width 10: "1"
          RenderText {#text} at (40,0) size 20x18
            text run at (40,0) width 20: ", "
          RenderText {#text} at (60,0) size 10x18
            text run at (60,0) width 10: "b"
          RenderText {#text} at (70,0) size 20x18
            text run at (70,0) width 20: ": "
          RenderText {#text} at (90,0) size 10x18
            text run at (90,0) width 10: "2"
          RenderText {#text} at (100,0) size 20x18
            text run at (100,0) width 20: ", "
          RenderText {#text} at (120,0) size 10x18
            text run at (120,0) width 10: "c"
          RenderText {#text} at (130,0) size 20x18
            text run at (130,0) width 20: ": "
          RenderText {#text} at (150,0) size 10x18
            text run at (150,0) width 10: "3"
          RenderText {#text} at (160,0) size 20x18
            text run at (160,0) width 20: ", "
          RenderText {#text} at (180,0) size 10x18
            text run at (180,0) width 10: "d"
          RenderText {#text} at (190,0) size 20x18
            text run at (190,0) width 20: ": "
          RenderText {#text} at (210,0) size 10x18
            text run at (210,0) width 10: "4"
          RenderText {#text} at (220,0) size 10x18
            text run at (220,0) width 10: ","
        RenderBlock (anonymous) at (0,36) size 784x18
          RenderText {#text} at (0,0) size 10x18
            text run at (0,0) width 10: "}"
