Content-Type: text/plain
layer at (0,0) size 800x600
  RenderView at (0,0) size 800x600
layer at (0,0) size 800x52
  RenderBlock {HTML} at (0,0) size 800x52
    RenderBody {BODY} at (8,8) size 784x36
      RenderBlock (anonymous) at (0,0) size 784x18
        RenderText {#text} at (0,0) size 310x18
          text run at (0,0) width 310: "expect: (--) (--) (--), actual:"
      RenderBlock {DIV} at (0,18) size 784x18
        RenderText {#text} at (0,0) size 50x18
          text run at (0,0) width 50: "(--) "
        RenderText {#text} at (50,0) size 50x18
          text run at (50,0) width 50: "(--) "
        RenderText {#text} at (100,0) size 40x18
          text run at (100,0) width 40: "(--)"
